// Jest Snapshot v1, https://goo.gl/fbAQLP

exports[`PlacePage correctly renders 1`] = `
<Fragment>
  <Sprite />
  <ConnectFunction />
  <main
    className="page__main page__main--property"
  >
    <section
      className="property"
    >
      <div
        className="property__gallery-container container"
      >
        <div
          className="property__gallery"
        >
          <div
            className="property__image-wrapper"
            key="image-1-0"
          >
            <img
              alt="The house among olive"
              className="property__image"
              src="https://es31-server.appspot.com/six-cities/static/hotel/19.jpg"
            />
          </div>
        </div>
      </div>
      <div
        className="property__container container"
      >
        <div
          className="property__wrapper"
        >
          <div
            className="property__name-wrapper"
          >
            <h1
              className="property__name"
            >
              The house among olive
            </h1>
            <ConnectFunction
              className="property"
              height={33}
              id={1}
              isFavorite={true}
              width={31}
            />
          </div>
          <Rating
            hasValue={true}
            rating={3.4}
            ratingClass="property__rating"
            starsClass="property__stars"
            valueClass="property__rating-value"
          />
          <ul
            className="property__features"
          >
            <li
              className="property__feature property__feature--entire"
            >
              Private Room
            </li>
            <li
              className="property__feature property__feature--bedrooms"
            >
              1 Bedroom
            </li>
            <li
              className="property__feature property__feature--adults"
            >
              Max 
              3 adults
            </li>
          </ul>
          <div
            className="property__price"
          >
            <b
              className="property__price-value"
            >
              €
              117
            </b>
            <span
              className="property__price-text"
            >
               night
            </span>
          </div>
          <div
            className="property__inside"
          >
            <h2
              className="property__inside-title"
            >
              What's inside
            </h2>
            <ul
              className="property__inside-list"
            >
              <li
                className="property__inside-item"
                key="good-1-0"
              >
                Washer
              </li>
              <li
                className="property__inside-item"
                key="good-1-1"
              >
                Towels
              </li>
            </ul>
          </div>
          <div
            className="property__host"
          >
            <h2
              className="property__host-title"
            >
              Meet the host
            </h2>
            <div
              className="property__host-user user"
            >
              <div
                className="property__avatar-wrapper user__avatar-wrapper property__avatar-wrapper--pro"
              >
                <img
                  alt="Host avatar"
                  className="property__avatar user__avatar"
                  height="74"
                  src="/img/avatar-angelina.jpg"
                  width="74"
                />
              </div>
              <span
                className="property__user-name"
              >
                Name
              </span>
              <span
                className="property__user-status"
              >
                Pro
              </span>
            </div>
            <div
              className="property__description"
            >
              <p
                className="property__text"
              >
                Description
              </p>
            </div>
          </div>
          <ConnectFunction
            placeId={1}
          />
        </div>
      </div>
      <ConnectFunction
        mapClass="property__map"
        offers={
          Array [
            Object {
              "bedrooms": 1,
              "city": Object {
                "location": Object {
                  "latitude": 50.846557,
                  "longitude": 4.351697,
                  "zoom": 13,
                },
                "name": "Brussels",
              },
              "description": "Description",
              "goods": Array [
                "Washer",
                "Towels",
              ],
              "host": Object {
                "avatarUrl": "img/avatar-angelina.jpg",
                "id": 25,
                "isPro": true,
                "name": "Name",
              },
              "id": 1,
              "images": Array [
                "https://es31-server.appspot.com/six-cities/static/hotel/19.jpg",
              ],
              "isFavorite": true,
              "isPremium": false,
              "location": Object {
                "latitude": 50.846557,
                "longitude": 4.351697,
                "zoom": 13,
              },
              "maxAdults": 3,
              "previewImage": "https://es31-server.appspot.com/six-cities/static/hotel/4.jpg",
              "price": 117,
              "rating": 3.4,
              "title": "The house among olive",
              "type": "room",
            },
            Object {
              "bedrooms": 1,
              "city": Object {
                "location": Object {
                  "latitude": 50.846557,
                  "longitude": 4.351697,
                  "zoom": 13,
                },
                "name": "Brussels",
              },
              "description": "Description",
              "goods": Array [
                "Washer",
                "Towels",
              ],
              "host": Object {
                "avatarUrl": "img/avatar-angelina.jpg",
                "id": 25,
                "isPro": true,
                "name": "Name",
              },
              "id": 1,
              "images": Array [
                "https://es31-server.appspot.com/six-cities/static/hotel/19.jpg",
              ],
              "isFavorite": true,
              "isPremium": false,
              "location": Object {
                "latitude": 50.846557,
                "longitude": 4.351697,
                "zoom": 13,
              },
              "maxAdults": 3,
              "previewImage": "https://es31-server.appspot.com/six-cities/static/hotel/4.jpg",
              "price": 117,
              "rating": 3.4,
              "title": "The house among olive",
              "type": "room",
            },
          ]
        }
        selectedOffer={
          Object {
            "bedrooms": 1,
            "city": Object {
              "location": Object {
                "latitude": 50.846557,
                "longitude": 4.351697,
                "zoom": 13,
              },
              "name": "Brussels",
            },
            "description": "Description",
            "goods": Array [
              "Washer",
              "Towels",
            ],
            "host": Object {
              "avatarUrl": "img/avatar-angelina.jpg",
              "id": 25,
              "isPro": true,
              "name": "Name",
            },
            "id": 1,
            "images": Array [
              "https://es31-server.appspot.com/six-cities/static/hotel/19.jpg",
            ],
            "isFavorite": true,
            "isPremium": false,
            "location": Object {
              "latitude": 50.846557,
              "longitude": 4.351697,
              "zoom": 13,
            },
            "maxAdults": 3,
            "previewImage": "https://es31-server.appspot.com/six-cities/static/hotel/4.jpg",
            "price": 117,
            "rating": 3.4,
            "title": "The house among olive",
            "type": "room",
          }
        }
      />
    </section>
    <div
      className="container"
    >
      <section
        className="near-places places"
      >
        <h2
          className="near-places__title"
        >
          Other places in the neighbourhood
        </h2>
        <PlaceList
          cardClass="near-places__card"
          imageWrapperClass="near-places__image-wrapper"
          listClass="near-places__list"
          offers={
            Array [
              Object {
                "bedrooms": 1,
                "city": Object {
                  "location": Object {
                    "latitude": 50.846557,
                    "longitude": 4.351697,
                    "zoom": 13,
                  },
                  "name": "Brussels",
                },
                "description": "Description",
                "goods": Array [
                  "Washer",
                  "Towels",
                ],
                "host": Object {
                  "avatarUrl": "img/avatar-angelina.jpg",
                  "id": 25,
                  "isPro": true,
                  "name": "Name",
                },
                "id": 1,
                "images": Array [
                  "https://es31-server.appspot.com/six-cities/static/hotel/19.jpg",
                ],
                "isFavorite": true,
                "isPremium": false,
                "location": Object {
                  "latitude": 50.846557,
                  "longitude": 4.351697,
                  "zoom": 13,
                },
                "maxAdults": 3,
                "previewImage": "https://es31-server.appspot.com/six-cities/static/hotel/4.jpg",
                "price": 117,
                "rating": 3.4,
                "title": "The house among olive",
                "type": "room",
              },
            ]
          }
        />
      </section>
    </div>
  </main>
</Fragment>
`;
