// Jest Snapshot v1, https://goo.gl/fbAQLP

exports[`PlaceCard correctly renders 1`] = `
<article
  className="place-card undefined"
>
  <div
    className="place-card__image-wrapper undefined"
  >
    <a
      href="#"
      onClick={[Function]}
    >
      <img
        alt="Place image"
        className="place-card__image"
        height="200"
        src="https://es31-server.appspot.com/six-cities/static/hotel/4.jpg"
        width="260"
      />
    </a>
  </div>
  <div
    className="place-card__info undefined"
  >
    <div
      className="place-card__price-wrapper"
    >
      <div
        className="place-card__price"
      >
        <b
          className="place-card__price-value"
        >
          €
          117
        </b>
        <span
          className="place-card__price-text"
        >
          / night
        </span>
      </div>
      <ConnectFunction
        className="place-card"
        height={19}
        id={1}
        isFavorite={true}
        width={18}
      />
    </div>
    <Rating
      hasValue={false}
      rating={3.4}
      ratingClass="place-card__rating"
      starsClass="place-card__stars "
    />
    <h2
      className="place-card__name"
    >
      <Link
        to="/offer/1"
      >
        The house among olive
      </Link>
    </h2>
    <p
      className="place-card__type"
    >
      Private Room
    </p>
  </div>
</article>
`;
