// Jest Snapshot v1, https://goo.gl/fbAQLP

exports[`PlaceList correctly renders 1`] = `
<div
  className="cities__places-list places__list tabs__content"
>
  <PlaceCard
    key="1"
    offer={
      Object {
        "bedrooms": 1,
        "city": Object {
          "location": Object {
            "latitude": 50.846557,
            "longitude": 4.351697,
            "zoom": 13,
          },
          "name": "Brussels",
        },
        "description": "Description",
        "goods": Array [
          "Washer",
          "Towels",
        ],
        "host": Object {
          "avatarUrl": "img/avatar-angelina.jpg",
          "id": 25,
          "isPro": true,
          "name": "Name",
        },
        "id": 1,
        "images": Array [
          "https://es31-server.appspot.com/six-cities/static/hotel/19.jpg",
        ],
        "isFavorite": true,
        "isPremium": false,
        "location": Object {
          "latitude": 50.846557,
          "longitude": 4.351697,
          "zoom": 13,
        },
        "maxAdults": 3,
        "previewImage": "https://es31-server.appspot.com/six-cities/static/hotel/4.jpg",
        "price": 117,
        "rating": 3.4,
        "title": "The house among olive",
        "type": "room",
      }
    }
    onImageClick={[MockFunction]}
  />
</div>
`;
