// Jest Snapshot v1, https://goo.gl/fbAQLP

exports[`Cities renders correctly 1`] = `
<section
  className="locations container"
>
  <ul
    className="locations__list tabs__list"
  >
    <li
      className="locations__item"
      key="city-Amsterdam"
    >
      <ConnectFunction
        city={
          Object {
            "location": Object {
              "latitude": 52.37454,
              "longitude": 4.897976,
              "zoom": 13,
            },
            "name": "Amsterdam",
          }
        }
        isActive={true}
        onCityClick={[MockFunction]}
      />
    </li>
  </ul>
</section>
`;
