// Jest Snapshot v1, https://goo.gl/fbAQLP

exports[`Main correctly renders 1`] = `
<div
  className="page page--gray page--main"
>
  <ConnectFunction />
  <Sprite />
  <main
    className="page__main page__main--index"
  >
    <h1
      className="visually-hidden"
    >
      Cities
    </h1>
    <div
      className="cities tabs"
    >
      <ConnectFunction
        onCityClick={[Function]}
      />
    </div>
    <div
      className="cities__places-wrapper"
    >
      <div
        className="cities__places-container container"
      >
        <ConnectFunction
          onSelectOffer={[MockFunction]}
        />
        <div
          className="cities__right-section"
        >
          <ConnectFunction
            mapClass="cities__map"
            offers={
              Array [
                Object {
                  "bedrooms": 1,
                  "city": Object {
                    "location": Object {
                      "latitude": 50.846557,
                      "longitude": 4.351697,
                      "zoom": 13,
                    },
                    "name": "Brussels",
                  },
                  "description": "Description",
                  "goods": Array [
                    "Washer",
                    "Towels",
                  ],
                  "host": Object {
                    "avatarUrl": "img/avatar-angelina.jpg",
                    "id": 25,
                    "isPro": true,
                    "name": "Name",
                  },
                  "id": 1,
                  "images": Array [
                    "https://es31-server.appspot.com/six-cities/static/hotel/19.jpg",
                  ],
                  "isFavorite": true,
                  "isPremium": false,
                  "location": Object {
                    "latitude": 50.846557,
                    "longitude": 4.351697,
                    "zoom": 13,
                  },
                  "maxAdults": 3,
                  "previewImage": "https://es31-server.appspot.com/six-cities/static/hotel/4.jpg",
                  "price": 117,
                  "rating": 3.4,
                  "title": "The house among olive",
                  "type": "room",
                },
              ]
            }
            selectedOffer={null}
          />
        </div>
      </div>
    </div>
  </main>
</div>
`;
